kanojo kare karetachi korosu
kanojo kare karetachi
kare karetachi
