kanojo kare korosu karetachi
kanojo kare karetachi
kare karetachi
